ntgrid nperiod ntheta drhodpsi rmaj shat kxfac q scale
64 1 128 1.0 1.976788822134374 -0.12541232900398502 1.0 -1.1187302872651752 3
gbdrift gradpar grho tgrid
-0.08134902860594088 0.03910565985331243 1.0539510434293737 -3.141592653589793
-0.07642694073760643 0.03910565985331243 0.7827647122059166 -3.0925052683774528
0.002157498509304721 0.03910565985331243 0.7342367360015168 -3.043417883165112
0.019899817563529747 0.03910565985331243 0.9427720572215571 -2.9943304979527716
0.030739664207269417 0.03910565985331243 1.2281372395829266 -2.945243112740431
0.05752933990143211 0.03910565985331243 1.473980280478497 -2.8961557275280905
0.09300210546661378 0.03910565985331243 1.655557545913006 -2.84706834231575
0.10423138080652972 0.03910565985331243 1.7484922070472333 -2.7979809571034093
0.10376619227720343 0.03910565985331243 1.7300881448096115 -2.748893571891069
0.08949013609157545 0.03910565985331243 1.6500188983401964 -2.6998061866787286
0.060994574768346146 0.03910565985331243 1.5402859231640094 -2.650718801466388
-0.028139193834460143 0.03910565985331243 1.4697317241092283 -2.6016314162540475
-0.1787376905751482 0.03910565985331243 1.476481155211223 -2.552544031041707
-0.25059186216482554 0.03910565985331243 1.4550401597348552 -2.5034566458293663
-0.28275170564196794 0.03910565985331243 1.3699224988076972 -2.454369260617026
-0.2160518946784644 0.03910565985331243 1.2415514689260085 -2.405281875404685
-0.23290524449147976 0.03910565985331243 1.0766913214191733 -2.356194490192345
-0.2667072880367523 0.03910565985331243 0.8791604318304352 -2.3071071049800045
-0.1500084819770995 0.03910565985331243 0.6982712553426615 -2.2580197197676637
-0.07979005398431159 0.03910565985331243 0.6020707794357223 -2.2089323345553233
-0.019470015797831586 0.03910565985331243 0.605501125795025 -2.1598449493429825
-0.006391474180781066 0.03910565985331243 0.6704239749213499 -2.110757564130642
-0.01153538249478707 0.03910565985331243 0.7405285665211371 -2.061670178918302
0.03672491373868489 0.03910565985331243 0.7785467243202976 -2.0125827937059615
0.06640250813189535 0.03910565985331243 0.8060053846542342 -1.9634954084936207
-0.14745068194513883 0.03910565985331243 0.9143627967139348 -1.9144080232812801
-0.23767723935065943 0.03910565985331243 1.1340920371656165 -1.8653206380689396
-0.34370778228450705 0.03910565985331243 1.4558818549176067 -1.8162332528565992
-0.39656366372779284 0.03910565985331243 1.7498322102961241 -1.7671458676442586
-0.38350956532537606 0.03910565985331243 1.9325818394546301 -1.718058482431918
-0.31201860710178536 0.03910565985331243 1.889602767794957 -1.6689710972195777
-0.22877055508226818 0.03910565985331243 1.6158352276072645 -1.6198837120072371
-0.1677754171097775 0.03910565985331243 1.2789733673254433 -1.5707963267948966
-0.1020390445172208 0.03910565985331243 1.0122637320136487 -1.521708941582556
0.009727830757744669 0.03910565985331243 0.8587659697776496 -1.4726215563702154
0.00810538789802975 0.03910565985331243 0.8282106055726496 -1.423534171157875
-0.005678808643009647 0.03910565985331243 0.8124320750333716 -1.3744467859455345
-0.0925371882967882 0.03910565985331243 0.7834701619046099 -1.325359400733194
-0.10349998887483759 0.03910565985331243 0.7559216366278443 -1.2762720155208536
-0.22675825705475788 0.03910565985331243 0.8302047018104048 -1.227184630308513
-0.261060221871752 0.03910565985331243 1.0082187808355918 -1.1780972450961724
-0.3032130800805394 0.03910565985331243 1.2405105340721705 -1.129009859883832
-0.3809144331719697 0.03910565985331243 1.4157259282146122 -1.0799224746714913
-0.3986888099470642 0.03910565985331243 1.491686980377782 -1.030835089459151
-0.3560633981422105 0.03910565985331243 1.4605905131495187 -0.9817477042468106
-0.24387018559347706 0.03910565985331243 1.331852736859348 -0.9326603190344698
-0.1346226948429694 0.03910565985331243 1.1989929943449993 -0.8835729338221294
0.07478957907766437 0.03910565985331243 1.0566794233989463 -0.8344855486097886
0.07173409847135723 0.03910565985331243 0.9959657259502935 -0.7853981633974483
-0.004543487132263106 0.03910565985331243 1.0025108415589759 -0.7363107781851079
-0.04750492335924325 0.03910565985331243 1.011914851282897 -0.6872233929727671
-0.06983237331171632 0.03910565985331243 1.0100042041336676 -0.6381360077604268
-0.11559397510615012 0.03910565985331243 0.9902019105089941 -0.589048622548086
-0.2172296547995554 0.03910565985331243 0.908081722372687 -0.5399612373357456
-0.2690039888869844 0.03910565985331243 0.7429826166438565 -0.4908738521234053
-0.17757533778907056 0.03910565985331243 0.6242107451490725 -0.4417864669110645
-0.09206972289209804 0.03910565985331243 0.7124688126489354 -0.39269908169872414
-0.14393000651807192 0.03910565985331243 0.9973312043636535 -0.3436116964863838
-0.1486529489099622 0.03910565985331243 1.3334327395413583 -0.294524311274043
-0.11589817071636235 0.03910565985331243 1.6476868395404973 -0.24543692606170264
-0.08043125220883468 0.03910565985331243 1.9010680540144935 -0.1963495408493623
-0.0182710783137028 0.03910565985331243 2.08384272432251 -0.1472621556370215
0.04079290794319956 0.03910565985331243 2.21308238198577 -0.09817477042468115
0.07669908253166134 0.03910565985331243 2.323412060718188 -0.04908738521234035
0.07209119472354732 0.03910565985331243 2.384314260181076 0.0
0.07669908253166212 0.03910565985331243 2.323412060718189 0.04908738521234035
0.040792907943200854 0.03910565985331243 2.21308238198577 0.09817477042468115
-0.01827107831370264 0.03910565985331243 2.0838427243225106 0.1472621556370215
-0.0804312522088356 0.03910565985331243 1.9010680540144935 0.1963495408493623
-0.11589817071636312 0.03910565985331243 1.6476868395404978 0.24543692606170264
-0.14865294890996325 0.03910565985331243 1.3334327395413585 0.294524311274043
-0.14393000651807109 0.03910565985331243 0.9973312043636535 0.3436116964863838
-0.0920697228920983 0.03910565985331243 0.7124688126489355 0.39269908169872414
-0.17757533778907109 0.03910565985331243 0.6242107451490728 0.4417864669110645
-0.2690039888869826 0.03910565985331243 0.7429826166438575 0.4908738521234053
-0.21722965479955292 0.03910565985331243 0.9080817223726877 0.5399612373357456
-0.11559397510615149 0.03910565985331243 0.9902019105089936 0.589048622548086
-0.06983237331171566 0.03910565985331243 1.0100042041336679 0.6381360077604268
-0.04750492335924246 0.03910565985331243 1.0119148512828968 0.6872233929727671
-0.004543487132266623 0.03910565985331243 1.002510841558975 0.7363107781851079
0.07173409847135517 0.03910565985331243 0.9959657259502936 0.7853981633974483
0.07478957907766172 0.03910565985331243 1.0566794233989463 0.8344855486097886
-0.13462269484296993 0.03910565985331243 1.1989929943449986 0.883572933822129
-0.24387018559347795 0.03910565985331243 1.3318527368593476 0.9326603190344702
-0.3560633981422099 0.03910565985331243 1.4605905131495178 0.9817477042468106
-0.39868880994706196 0.03910565985331243 1.4916869803777828 1.030835089459151
-0.38091443317196744 0.03910565985331243 1.415725928214614 1.0799224746714913
-0.3032130800805422 0.03910565985331243 1.2405105340721738 1.1290098598838316
-0.2610602218717532 0.03910565985331243 1.008218780835593 1.178097245096172
-0.22675825705476144 0.03910565985331243 0.8302047018104045 1.2271846303085132
-0.10349998887483453 0.03910565985331243 0.755921636627844 1.2762720155208536
-0.09253718829678824 0.03910565985331243 0.7834701619046094 1.325359400733194
-0.005678808643005726 0.03910565985331243 0.8124320750333708 1.3744467859455343
0.008105387898024771 0.03910565985331243 0.8282106055726491 1.4235341711578746
0.00972783075775011 0.03910565985331243 0.8587659697776487 1.4726215563702159
-0.102039044517225 0.03910565985331243 1.0122637320136465 1.5217089415825562
-0.16777541710976882 0.03910565985331243 1.278973367325442 1.5707963267948966
-0.22877055508227448 0.03910565985331243 1.6158352276072654 1.619883712007237
-0.31201860710179546 0.03910565985331243 1.8896027677949572 1.6689710972195773
-0.38350956532536007 0.03910565985331243 1.9325818394546252 1.7180584824319185
-0.3965636637277908 0.03910565985331243 1.7498322102961228 1.7671458676442588
-0.34370778228451326 0.03910565985331243 1.4558818549176076 1.8162332528565992
-0.23767723935066093 0.03910565985331243 1.1340920371656156 1.8653206380689396
-0.14745068194514244 0.03910565985331243 0.9143627967139336 1.91440802328128
0.0664025081318981 0.03910565985331243 0.8060053846542339 1.9634954084936211
0.03672491373868813 0.03910565985331243 0.7785467243202974 2.0125827937059615
-0.011535382494792764 0.03910565985331243 0.7405285665211351 2.061670178918302
-0.006391474180787659 0.03910565985331243 0.6704239749213475 2.110757564130642
-0.01947001579783649 0.03910565985331243 0.6055011257950228 2.1598449493429825
-0.0797900539843136 0.03910565985331243 0.6020707794357244 2.208932334555323
-0.15000848197710043 0.03910565985331243 0.6982712553426694 2.258019719767664
-0.2667072880367475 0.03910565985331243 0.8791604318304419 2.3071071049800045
-0.2329052444914789 0.03910565985331243 1.0766913214191745 2.356194490192345
-0.21605189467846878 0.03910565985331243 1.2415514689260103 2.405281875404685
-0.28275170564197444 0.03910565985331243 1.3699224988077008 2.4543692606170255
-0.2505918621648284 0.03910565985331243 1.455040159734857 2.5034566458293668
-0.17873769057514918 0.03910565985331243 1.4764811552112205 2.552544031041707
-0.028139193834451143 0.03910565985331243 1.4697317241092274 2.6016314162540475
0.060994574768350955 0.03910565985331243 1.540285923164013 2.650718801466388
0.08949013609158626 0.03910565985331243 1.6500188983402004 2.699806186678728
0.10376619227722207 0.03910565985331243 1.7300881448096157 2.7488935718910685
0.10423138080652672 0.03910565985331243 1.7484922070472304 2.7979809571034098
0.09300210546658912 0.03910565985331243 1.6555575459129979 2.84706834231575
0.057529339901437285 0.03910565985331243 1.4739802804784805 2.8961557275280905
0.03073966420727131 0.03910565985331243 1.2281372395829122 2.945243112740431
0.0198998175635322 0.03910565985331243 0.9427720572215462 2.994330497952771
0.0021574985092972197 0.03910565985331243 0.7342367360015137 3.0434178831651124
-0.0764269407376162 0.03910565985331243 0.7827647122059224 3.0925052683774528
-0.0813439200336374 0.03910565985331243 1.0539699953055803 3.141592653589793
cvdrift gds2 bmag tgrid
0.008607866005972416 4.123391833372455 1.0315032502849026 -3.141592653589793
0.008777854941058302 3.022814795540694 1.042351567753185 -3.0925052683774528
0.09039529596922466 2.0002539952696865 1.031541175629011 -3.043417883165112
0.10698204902716428 1.2920640025272017 1.0385888714535156 -2.9943304979527716
0.11389232839086429 0.8225639121839181 1.0625649575431884 -2.945243112740431
0.13942136333717667 0.5461822301995929 1.0732702703055446 -2.8961557275280905
0.17403514659603306 0.4187188114123988 1.069873412077086 -2.84706834231575
0.18827808732944495 0.389713359936427 1.0551231084561004 -2.7979809571034093
0.19159494432674753 0.4260419304498126 1.0294248687700884 -2.748893571891069
0.18367910053232178 0.5012142217703265 1.003150654465178 -2.6998061866787286
0.1583367445228711 0.5961205956099084 0.9846221066377049 -2.650718801466388
0.06948097202314021 0.6951153247844002 0.9811862075788641 -2.6016314162540475
-0.08558609192399685 0.8826781337578288 1.0045792336251114 -2.552544031041707
-0.16270268858908107 1.3277077005912203 1.036489055236343 -2.5034566458293663
-0.20065612051050946 2.1973430180324147 1.0687903070088984 -2.454369260617026
-0.1391885560905539 3.6123221943515356 1.107427210524714 -2.405281875404685
-0.16123248972978804 5.167648922655152 1.143977042103026 -2.356194490192345
-0.1973687264924661 6.260096574310215 1.1616536948363096 -2.3071071049800045
-0.07771444537041138 6.2683263610455064 1.1493595533770675 -2.2580197197676637
-0.00397298884826283 5.016667799967236 1.1139557634108337 -2.2089323345553233
0.062061136256451696 3.536081716457925 1.0704031080870267 -2.1598449493429825
0.08196493017853099 2.492997351535618 1.0326398176879124 -2.110757564130642
0.08239263889957478 1.917432241885791 1.0034101013458339 -2.061670178918302
0.13560541836787543 1.6711100376612738 0.9766059945757043 -2.0125827937059615
0.16601138681054492 1.5119709656573854 0.9710122193753794 -1.9634954084936207
-0.05581669003188405 1.2357135204209677 1.0136968467481273 -1.9144080232812801
-0.1546363241654791 0.8795041249356217 1.0580582746306324 -1.8653206380689396
-0.26916527440495175 0.6861681230015294 1.1157121651975581 -1.8162332528565992
-0.3263591249677058 0.9492819180465895 1.1614043506186662 -1.7671458676442586
-0.31720804148501613 1.6644074107559563 1.1893259664367553 -1.718058482431918
-0.24557886470579937 2.3955185632106515 1.186563062371902 -1.6689710972195777
-0.15742700362679657 2.6274322290849605 1.1513087899741075 -1.6198837120072371
-0.09167383832752656 2.4784014018995046 1.1074436559309466 -1.5707963267948966
-0.018854378300748296 2.162677274493047 1.0618414204167796 -1.521708941582556
0.10309578332093763 1.7363161861479732 1.0040303447059267 -1.4726215563702154
0.10513524084837063 1.517040090996554 0.979669049586516 -1.423534171157875
0.09270561624980236 1.4800366013240898 0.9771722618711431 -1.3744467859455345
0.0011136446006831777 1.6391674115657153 1.002216663094073 -1.325359400733194
-0.01627263188761894 1.960929896116708 1.0377976864471565 -1.2762720155208536
-0.14767802415185302 2.2908049124823373 1.0865611102543902 -1.227184630308513
-0.18748381971018468 2.6196699412646884 1.1293940850970448 -1.1780972450961724
-0.23415433973539035 2.6047923081761972 1.1659865658958446 -1.129009859883832
-0.3136344926517294 1.9455599621499027 1.1811289741996285 -1.0799224746714913
-0.329615767314817 1.0758196697056717 1.1672780543907793 -1.030835089459151
-0.2815930773530327 0.6300084775359105 1.1286834726527268 -0.9817477042468106
-0.16223933823991468 0.7415121433430281 1.071015292095671 -0.9326603190344698
-0.04602891540526756 1.1480409521371053 1.032415473006803 -0.8835729338221294
0.17187249935880092 1.4609411246454953 0.9837336466046619 -0.8344855486097886
0.1710912635357553 1.5579581942918652 0.9702550843716105 -0.7853981633974483
0.09136844222037499 1.7695961611821152 0.9902729179160246 -0.7363107781851079
0.043645054823789886 2.2205818138871116 1.0173990635376982 -0.6872233929727671
0.01606508506166419 2.8311232634740797 1.0432996229850653 -0.6381360077604268
-0.034636896754551824 3.5406287003694943 1.0760605861925077 -0.589048622548086
-0.14097544858717398 4.002856840572265 1.10671136523183 -0.5399612373357456
-0.193384308460987 3.852637786733702 1.1128820631318357 -0.4908738521234053
-0.09854324847539343 3.281132075978596 1.0962290737760676 -0.4417864669110645
-0.009082241861763082 2.466825888002393 1.0638568276453364 -0.39269908169872414
-0.0586859874429998 1.6919969139715363 1.0516482928063353 -0.3436116964863838
-0.06136985766875379 1.0615181202942563 1.0434773648902875 -0.294524311274043
-0.028263048424396187 0.6517225329408984 1.027567320971428 -0.24543692606170264
0.01004500993573342 0.4292265447369455 1.020013236504395 -0.1963495408493623
0.07274719271121792 0.3199797989644642 1.018755754366631 -0.1472621556370215
0.13276531774106548 0.24889876849344053 1.0127673787196465 -0.09817477042468115
0.16841940494646504 0.2015430377036895 1.011909115761076 -0.04908738521234035
0.1632306169794667 0.1834619367422765 1.0212603787801233 0.0
0.168419404946465 0.2015430377036895 1.0119091157610758 0.04908738521234035
0.13276531774106543 0.2488987684934405 1.0127673787196465 0.09817477042468115
0.07274719271121792 0.3199797989644642 1.0187557543666317 0.1472621556370215
0.010045009935733413 0.4292265447369452 1.0200132365043946 0.1963495408493623
-0.028263048424396267 0.6517225329408988 1.027567320971428 0.24543692606170264
-0.06136985766875375 1.0615181202942552 1.0434773648902875 0.294524311274043
-0.05868598744299987 1.6919969139715345 1.051648292806335 0.3436116964863838
-0.009082241861763127 2.4668258880023917 1.0638568276453362 0.39269908169872414
-0.09854324847539489 3.2811320759786025 1.0962290737760674 0.4417864669110645
-0.1933843084609884 3.8526377867337054 1.1128820631318357 0.4908738521234053
-0.14097544858717356 4.002856840572261 1.10671136523183 0.5399612373357456
-0.03463689675455092 3.5406287003694867 1.0760605861925068 0.589048622548086
0.016065085061665815 2.8311232634740735 1.0432996229850648 0.6381360077604268
0.04364505482379077 2.2205818138871085 1.0173990635376986 0.6872233929727671
0.09136844222037432 1.7695961611821132 0.9902729179160243 0.7363107781851079
0.17109126353575554 1.5579581942918663 0.9702550843716103 0.7853981633974483
0.17187249935879975 1.4609411246454955 0.9837336466046619 0.8344855486097886
-0.046028915405266255 1.1480409521371087 1.0324154730068027 0.883572933822129
-0.16223933823991213 0.7415121433430321 1.0710152920956715 0.9326603190344702
-0.2815930773530314 0.6300084775359086 1.1286834726527266 0.9817477042468106
-0.3296157673148166 1.0758196697056626 1.1672780543907784 1.030835089459151
-0.31363449265173055 1.9455599621498945 1.1811289741996294 1.0799224746714913
-0.23415433973539174 2.6047923081761932 1.1659865658958453 1.1290098598838316
-0.18748381971018568 2.619669941264689 1.1293940850970445 1.178097245096172
-0.14767802415185377 2.29080491248234 1.0865611102543908 1.2271846303085132
-0.01627263188761929 1.9609298961167079 1.0377976864471565 1.2762720155208536
0.001113644600682629 1.639167411565718 1.0022166630940734 1.325359400733194
0.09270561624980186 1.4800366013240915 0.9771722618711431 1.3744467859455343
0.10513524084837098 1.517040090996551 0.9796690495865156 1.4235341711578746
0.10309578332093768 1.7363161861479712 1.0040303447059271 1.4726215563702159
-0.018854378300746093 2.162677274493041 1.0618414204167788 1.5217089415825562
-0.09167383832752476 2.478401401899496 1.1074436559309462 1.5707963267948966
-0.1574270036267955 2.6274322290849623 1.1513087899741081 1.619883712007237
-0.24557886470579987 2.3955185632106586 1.186563062371903 1.6689710972195773
-0.3172080414850182 1.6644074107559514 1.1893259664367524 1.7180584824319185
-0.3263591249677049 0.9492819180465856 1.1614043506186655 1.7671458676442588
-0.2691652744049522 0.6861681230015279 1.1157121651975581 1.8162332528565992
-0.15463632416547873 0.8795041249356228 1.0580582746306322 1.8653206380689396
-0.05581669003188429 1.2357135204209717 1.0136968467481269 1.91440802328128
0.16601138681054578 1.5119709656573872 0.9710122193753791 1.9634954084936211
0.13560541836787346 1.6711100376612773 0.9766059945757042 2.0125827937059615
0.08239263889957504 1.9174322418858025 1.0034101013458345 2.061670178918302
0.08196493017853322 2.4929973515356485 1.0326398176879137 2.110757564130642
0.06206113625644944 3.536081716457979 1.0704031080870282 2.1598449493429825
-0.003972988848263456 5.016667799967307 1.113955763410835 2.208932334555323
-0.07771444537041636 6.268326361045517 1.1493595533770677 2.258019719767664
-0.19736872649246523 6.260096574310182 1.1616536948363092 2.3071071049800045
-0.16123248972978838 5.167648922655137 1.143977042103025 2.356194490192345
-0.1391885560905564 3.6123221943514903 1.1074272105247116 2.405281875404685
-0.20065612051050782 2.197343018032393 1.0687903070088982 2.4543692606170255
-0.16270268858908007 1.327707700591208 1.0364890552363424 2.5034566458293668
-0.08558609192399286 0.8826781337578201 1.00457923362511 2.552544031041707
0.06948097202314604 0.6951153247843964 0.9811862075788634 2.6016314162540475
0.15833674452287394 0.5961205956099075 0.9846221066377047 2.650718801466388
0.18367910053232248 0.5012142217703248 1.003150654465178 2.699806186678728
0.19159494432674717 0.4260419304498106 1.0294248687700895 2.7488935718910685
0.18827808732944387 0.38971335993642614 1.0551231084561015 2.7979809571034098
0.17403514659603037 0.4187188114124024 1.0698734120770865 2.84706834231575
0.13942136333717575 0.5461822301996037 1.0732702703055421 2.8961557275280905
0.11389232839086455 0.8225639121839364 1.0625649575431872 2.945243112740431
0.1069820490271651 1.2920640025272248 1.0385888714535145 2.994330497952771
0.09039529596922155 2.0002539952697234 1.0315411756290125 3.0434178831651124
0.008777854941054798 3.0228147955407327 1.042351567753186 3.0925052683774528
0.008613715650104123 4.123447625859967 1.0315012136544879 3.141592653589793
gds21 gds22 tgrid
-0.23517175611407817 0.004367794366922345 -3.141592653589793
-0.10971330744000805 0.00240900844936931 -3.0925052683774528
-0.015150119891828323 0.002120107844259286 -3.043417883165112
0.033137584607846514 0.0034949475465488405 -2.9943304979527716
0.04186930402451237 0.005931215048630143 -2.945243112740431
0.02344780095336273 0.008542355146035735 -2.8961557275280905
-0.0064004610768250095 0.010778004301171854 -2.84706834231575
-0.03521892499082661 0.01201986819356219 -2.7979809571034093
-0.0581847761215823 0.011770554374974389 -2.748893571891069
-0.07509340552457523 0.010703346730879111 -2.6998061866787286
-0.08357065063360865 0.009331810732832355 -2.650718801466388
-0.09210749115175662 0.008491864309422116 -2.6016314162540475
-0.12005616429879581 0.008572723655241307 -2.552544031041707
-0.16521953184941865 0.008324438307295083 -2.5034566458293663
-0.2166695219870111 0.00737919961396488 -2.454369260617026
-0.2611487932393162 0.006061451327373157 -2.405281875404685
-0.2714490012947838 0.004556949370752891 -2.356194490192345
-0.2340856839344503 0.003041162264098481 -2.3071071049800045
-0.16551898956586247 0.0019183345166261098 -2.2580197197676637
-0.09479427402140542 0.0014235910845095416 -2.2089323345553233
-0.049222947699252645 0.001441643876284359 -2.1598449493429825
-0.028598955292159525 0.0017679102534053557 -2.110757564130642
-0.026789697893385908 0.0021562041324721093 -2.061670178918302
-0.030373941653264645 0.002383560357409178 -2.0125827937059615
-0.025103107732990387 0.0025540808852769574 -1.9634954084936207
-0.009355507487387199 0.0032874063269313063 -1.9144080232812801
-0.013418392556853148 0.005059310276009501 -1.8653206380689396
-0.05736902521024628 0.00833276346296299 -1.8162332528565992
-0.1565282612314364 0.012040124191897242 -1.7671458676442586
-0.27483009660789626 0.014686721375640494 -1.718058482431918
-0.3351640676571971 0.014035425131990588 -1.6689710972195777
-0.29509744223386664 0.010270252962455512 -1.6198837120072371
-0.2108573779729081 0.00643368240422423 -1.5707963267948966
-0.13097865109754306 0.004028412511433259 -1.521708941582556
-0.06526304233848858 0.002899966664268081 -1.4726215563702154
-0.03561807055914228 0.002697184880979473 -1.423534171157875
-0.018889811804324964 0.0025949750648522033 -1.3744467859455345
-0.004953185072078284 0.002414746230001959 -1.325359400733194
0.02569013324315862 0.0022461092635153034 -1.2762720155208536
0.07921554187111189 0.002707194033734688 -1.227184630308513
0.1477403392041422 0.004003142207574895 -1.1780972450961724
0.20422485740953034 0.0060502049421932 -1.129009859883832
0.1981827178479313 0.007879928455320935 -1.0799224746714913
0.12750382818826503 0.008747812568756886 -1.030835089459151
0.03183314081872153 0.008391673673406772 -0.9817477042468106
-0.05232589129396364 0.006971498909533412 -0.9326603190344698
-0.09558538679134386 0.005656088445021602 -0.8835729338221294
-0.10234494220282189 0.004388434488943682 -0.8344855486097886
-0.09744350748925107 0.003900636396117878 -0.7853981633974483
-0.11202119143007894 0.003951851738145087 -0.7363107781851079
-0.1395365095644413 0.004026179256618745 -0.6872233929727671
-0.1682873566953969 0.004011647091158755 -0.6381360077604268
-0.19068979775539363 0.0038536792332492385 -0.589048622548086
-0.18078864666790964 0.00324240158778847 -0.5399612373357456
-0.11835624723312628 0.0021773183186403994 -0.4908738521234053
-0.033556301589098836 0.0015230942791074778 -0.4417864669110645
0.04388592816570885 0.002002779871637621 -0.39269908169872414
0.09521934565964636 0.003909380610542924 -0.3436116964863838
0.11208701732426744 0.006992546547351648 -0.294524311274043
0.10590201703951338 0.010674203973401436 -0.24543692606170264
0.08979862323157618 0.014210836082746705 -0.1963495408493623
0.07426730606220726 0.017073556158703946 -0.1472621556370215
0.055225082721936145 0.019258752944672993 -0.09817477042468115
0.03163998684594549 0.02122631208515392 -0.04908738521234035
-8.673617379884035e-18 0.022353599590274796 0.0
-0.031639986845945524 0.02122631208515393 0.04908738521234035
-0.055225082721936214 0.019258752944672993 0.09817477042468115
-0.07426730606220729 0.017073556158703953 0.1472621556370215
-0.08979862323157616 0.014210836082746708 0.1963495408493623
-0.10590201703951345 0.010674203973401436 0.24543692606170264
-0.11208701732426744 0.006992546547351651 0.294524311274043
-0.09521934565964633 0.003909380610542926 0.3436116964863838
-0.04388592816570895 0.002002779871637622 0.39269908169872414
0.03355630158909944 0.0015230942791074793 0.4417864669110645
0.11835624723312689 0.002177318318640406 0.4908738521234053
0.18078864666790978 0.003242401587788476 0.5399612373357456
0.19068979775539333 0.0038536792332492364 0.589048622548086
0.16828735669539666 0.004011647091158754 0.6381360077604268
0.13953650956444105 0.004026179256618742 0.6872233929727671
0.1120211914300787 0.003951851738145082 0.7363107781851079
0.09744350748925124 0.0039006363961178805 0.7853981633974483
0.1023449422028219 0.004388434488943682 0.8344855486097886
0.09558538679134417 0.0056560884450215934 0.883572933822129
0.05232589129396439 0.006971498909533405 0.9326603190344702
-0.031833140818720525 0.008391673673406767 0.9817477042468106
-0.12750382818826406 0.008747812568756893 1.030835089459151
-0.19818271784793096 0.00787992845532095 1.0799224746714913
-0.20422485740953078 0.006050204942193229 1.1290098598838316
-0.14774033920414248 0.004003142207574903 1.178097245096172
-0.07921554187111203 0.0027071940337346856 1.2271846303085132
-0.025690133243158646 0.0022461092635153025 1.2762720155208536
0.004953185072078383 0.002414746230001957 1.325359400733194
0.018889811804324894 0.0025949750648521994 1.3744467859455343
0.03561807055914194 0.0026971848809794717 1.4235341711578746
0.06526304233848805 0.002899966664268075 1.4726215563702159
0.13097865109754225 0.0040284125114332416 1.5217089415825562
0.21085737797290735 0.006433682404224218 1.5707963267948966
0.2950974422338671 0.010270252962455529 1.619883712007237
0.3351640676571978 0.014035425131990593 1.6689710972195773
0.2748300966078951 0.014686721375640425 1.7180584824319185
0.15652826123143548 0.012040124191897207 1.7671458676442588
0.05736902521024627 0.008332763462963008 1.8162332528565992
0.013418392556852926 0.005059310276009494 1.8653206380689396
0.009355507487387296 0.003287406326931296 1.91440802328128
0.025103107732990623 0.0025540808852769553 1.9634954084936211
0.030373941653264767 0.002383560357409177 2.0125827937059615
0.02678969789338605 0.002156204132472099 2.061670178918302
0.028598955292160246 0.0017679102534053426 2.110757564130642
0.049222947699254005 0.0014416438762843487 2.1598449493429825
0.09479427402140823 0.0014235910845095511 2.208932334555323
0.1655189895658658 0.0019183345166261519 2.258019719767664
0.2340856839344521 0.0030411622640985256 2.3071071049800045
0.2714490012947836 0.004556949370752902 2.356194490192345
0.2611487932393147 0.006061451327373171 2.405281875404685
0.21666952198701034 0.007379199613964917 2.4543692606170255
0.16521953184941782 0.008324438307295106 2.5034566458293668
0.12005616429879443 0.00857272365524128 2.552544031041707
0.09210749115175594 0.008491864309422108 2.6016314162540475
0.08357065063360904 0.0093318107328324 2.650718801466388
0.0750934055245754 0.010703346730879167 2.699806186678728
0.05818477612158187 0.011770554374974448 2.7488935718910685
0.035218924990824914 0.01201986819356215 2.7979809571034098
0.006400461076823057 0.010778004301171753 2.84706834231575
-0.023447800953363872 0.00854235514603555 2.8961557275280905
-0.04186930402451256 0.005931215048630007 2.945243112740431
-0.03313758460784555 0.0034949475465487585 2.994330497952771
0.01515011989183111 0.0021201078442592653 3.0434178831651124
0.10971330744001181 0.0024090084493693475 3.0925052683774528
0.2351789958865349 0.004367943074601094 3.141592653589793
cvdrift0 gbdrift0 tgrid
0.0023486058495432076 0.0023486058495432076 -3.141592653589793
-0.002550071395211055 -0.002550071395211055 -3.0925052683774528
-0.005076218764084152 -0.005076218764084152 -3.043417883165112
-0.007626691714149503 -0.007626691714149503 -2.9943304979527716
-0.02148137389996859 -0.02148137389996859 -2.945243112740431
-0.031121341508276508 -0.031121341508276508 -2.8961557275280905
-0.03372252766107116 -0.03372252766107116 -2.84706834231575
-0.025618917494911686 -0.025618917494911686 -2.7979809571034093
-0.016490993340496564 -0.016490993340496564 -2.748893571891069
-0.007459057522316281 -0.007459057522316281 -2.6998061866787286
0.0026074565479495813 0.0026074565479495813 -2.650718801466388
0.013343017492243538 0.013343017492243538 -2.6016314162540475
0.020043616793711385 0.020043616793711385 -2.552544031041707
0.013607283851319367 0.013607283851319367 -2.5034566458293663
0.0015664759401508802 0.0015664759401508802 -2.454369260617026
-0.013399194885606569 -0.013399194885606569 -2.405281875404685
-0.01579215818817276 -0.01579215818817276 -2.356194490192345
-0.015540644534460695 -0.015540644534460695 -2.3071071049800045
-0.01887067541813061 -0.01887067541813061 -2.2580197197676637
-0.021071567291000973 -0.021071567291000973 -2.2089323345553233
-0.021818039830145273 -0.021818039830145273 -2.1598449493429825
-0.016589119518308267 -0.016589119518308267 -2.110757564130642
-0.012350468764318548 -0.012350468764318548 -2.061670178918302
-0.005592561432014882 -0.005592561432014882 -2.0125827937059615
0.003006222064250125 0.003006222064250125 -1.9634954084936207
0.018108941559620763 0.018108941559620763 -1.9144080232812801
0.016804733098584792 0.016804733098584792 -1.8653206380689396
0.02215068590828452 0.02215068590828452 -1.8162332528565992
0.014349980962903372 0.014349980962903372 -1.7671458676442586
0.003034038647330633 0.003034038647330633 -1.718058482431918
-0.009066311896347235 -0.009066311896347235 -1.6689710972195777
-0.016446084691991356 -0.016446084691991356 -1.6198837120072371
-0.0188771248439382 -0.0188771248439382 -1.5707963267948966
-0.021430300036320418 -0.021430300036320418 -1.521708941582556
-0.010781929473581184 -0.010781929473581184 -1.4726215563702154
-0.004974903633702362 -0.004974903633702362 -1.423534171157875
0.005814031894381445 0.005814031894381445 -1.3744467859455345
0.01038654223370384 0.01038654223370384 -1.325359400733194
0.017957670726369963 0.017957670726369963 -1.2762720155208536
0.019759775968149814 0.019759775968149814 -1.227184630308513
0.01733999606251134 0.01733999606251134 -1.1780972450961724
0.015744690438671806 0.015744690438671806 -1.129009859883832
0.008109251830644539 0.008109251830644539 -1.0799224746714913
0.0031332381054370935 0.0031332381054370935 -1.030835089459151
-0.002905909731821479 -0.002905909731821479 -0.9817477042468106
-0.012353868593785207 -0.012353868593785207 -0.9326603190344698
-0.017442243079193426 -0.017442243079193426 -0.8835729338221294
-0.018959053002416616 -0.018959053002416616 -0.8344855486097886
0.00031082625561840724 0.00031082625561840724 -0.7853981633974483
0.008824160957100412 0.008824160957100412 -0.7363107781851079
0.014563250276306585 0.014563250276306585 -0.6872233929727671
0.02123466397707606 0.02123466397707606 -0.6381360077604268
0.025691077541488947 0.025691077541488947 -0.589048622548086
0.029023048833906686 0.029023048833906686 -0.5399612373357456
0.029196113921957156 0.029196113921957156 -0.4908738521234053
0.022564084138864224 0.022564084138864224 -0.4417864669110645
0.019137355807015033 0.019137355807015033 -0.39269908169872414
0.014708065630244288 0.014708065630244288 -0.3436116964863838
0.0036807589049838284 0.0036807589049838284 -0.294524311274043
-0.0056432555756291206 -0.0056432555756291206 -0.24543692606170264
-0.018404841211571755 -0.018404841211571755 -0.1963495408493623
-0.022324947115361014 -0.022324947115361014 -0.1472621556370215
-0.01769430222228397 -0.01769430222228397 -0.09817477042468115
-0.005349632973040708 -0.005349632973040708 -0.04908738521234035
-1.1958749962515114e-16 -1.1958749962515114e-16 0.0
0.005349632973040511 0.005349632973040511 0.04908738521234035
0.017694302222283863 0.017694302222283863 0.09817477042468115
0.022324947115360844 0.022324947115360844 0.1472621556370215
0.018404841211571692 0.018404841211571692 0.1963495408493623
0.005643255575628983 0.005643255575628983 0.24543692606170264
-0.003680758904983931 -0.003680758904983931 0.294524311274043
-0.014708065630244327 -0.014708065630244327 0.3436116964863838
-0.019137355807015498 -0.019137355807015498 0.39269908169872414
-0.02256408413886398 -0.02256408413886398 0.4417864669110645
-0.029196113921956965 -0.029196113921956965 0.4908738521234053
-0.02902304883390685 -0.02902304883390685 0.5399612373357456
-0.02569107754148899 -0.02569107754148899 0.589048622548086
-0.021234663977075824 -0.021234663977075824 0.6381360077604268
-0.014563250276306547 -0.014563250276306547 0.6872233929727671
-0.008824160957100693 -0.008824160957100693 0.7363107781851079
-0.0003108262556179816 -0.0003108262556179816 0.7853981633974483
0.01895905300241661 0.01895905300241661 0.8344855486097886
0.017442243079193308 0.017442243079193308 0.883572933822129
0.012353868593785367 0.012353868593785367 0.9326603190344702
0.002905909731821453 0.002905909731821453 0.9817477042468106
-0.0031332381054370714 -0.0031332381054370714 1.030835089459151
-0.008109251830644211 -0.008109251830644211 1.0799224746714913
-0.015744690438672364 -0.015744690438672364 1.1290098598838316
-0.01733999606251183 -0.01733999606251183 1.178097245096172
-0.019759775968149713 -0.019759775968149713 1.2271846303085132
-0.01795767072636979 -0.01795767072636979 1.2762720155208536
-0.01038654223370412 -0.01038654223370412 1.325359400733194
-0.00581403189438184 -0.00581403189438184 1.3744467859455343
0.004974903633702203 0.004974903633702203 1.4235341711578746
0.010781929473581274 0.010781929473581274 1.4726215563702159
0.02143030003632039 0.02143030003632039 1.5217089415825562
0.01887712484393808 0.01887712484393808 1.5707963267948966
0.01644608469199133 0.01644608469199133 1.619883712007237
0.009066311896347469 0.009066311896347469 1.6689710972195773
-0.003034038647330898 -0.003034038647330898 1.7180584824319185
-0.014349980962903028 -0.014349980962903028 1.7671458676442588
-0.02215068590828399 -0.02215068590828399 1.8162332528565992
-0.01680473309858488 -0.01680473309858488 1.8653206380689396
-0.018108941559621058 -0.018108941559621058 1.91440802328128
-0.0030062220642499233 -0.0030062220642499233 1.9634954084936211
0.005592561432015507 0.005592561432015507 2.0125827937059615
0.012350468764318532 0.012350468764318532 2.061670178918302
0.016589119518308163 0.016589119518308163 2.110757564130642
0.02181803983014494 0.02181803983014494 2.1598449493429825
0.021071567291000747 0.021071567291000747 2.208932334555323
0.018870675418130905 0.018870675418130905 2.258019719767664
0.015540644534461016 0.015540644534461016 2.3071071049800045
0.01579215818817246 0.01579215818817246 2.356194490192345
0.013399194885606126 0.013399194885606126 2.405281875404685
-0.0015664759401506953 -0.0015664759401506953 2.4543692606170255
-0.013607283851319941 -0.013607283851319941 2.5034566458293668
-0.02004361679371229 -0.02004361679371229 2.552544031041707
-0.013343017492242818 -0.013343017492242818 2.6016314162540475
-0.002607456547948974 -0.002607456547948974 2.650718801466388
0.00745905752231756 0.00745905752231756 2.699806186678728
0.016490993340499197 0.016490993340499197 2.7488935718910685
0.025618917494911988 0.025618917494911988 2.7979809571034098
0.0337225276610686 0.0337225276610686 2.84706834231575
0.031121341508276442 0.031121341508276442 2.8961557275280905
0.021481373899967963 0.021481373899967963 2.945243112740431
0.007626691714150149 0.007626691714150149 2.994330497952771
0.005076218764084073 0.005076218764084073 3.0434178831651124
0.002550071395209933 0.002550071395209933 3.0925052683774528
-0.0023488957154749516 -0.0023488957154749516 3.141592653589793