ntgrid nperiod ntheta drhodpsi rmaj shat kxfac q scale
16 1 32 1 0.83446991363784639 0.40240240240240244 1 1.2012012012012012 1
gbdrift gradpar grho tgrid
7.74322624227249290e-01 2.76002798714716724e-01 0.00000000000000000e+00 -3.14159265358979267e+00
6.74236951040029786e-01 2.76002798714716724e-01 0.00000000000000000e+00 -2.94524311274043082e+00
5.80089479088538917e-01 2.76002798714716724e-01 0.00000000000000000e+00 -2.74889357189106853e+00
4.93007125859536877e-01 2.76002798714716724e-01 0.00000000000000000e+00 -2.55254403104170624e+00
4.13236480344853385e-01 2.76002798714716724e-01 0.00000000000000000e+00 -2.35619449019234439e+00
3.40147501539313946e-01 2.76002798714716724e-01 0.00000000000000000e+00 -2.15984494934298255e+00
2.72393141510457515e-01 2.76002798714716724e-01 0.00000000000000000e+00 -1.96349540849362025e+00
2.08186446398783753e-01 2.76002798714716724e-01 0.00000000000000000e+00 -1.76714586764425818e+00
1.45646579498003970e-01 2.76002798714716724e-01 0.00000000000000000e+00 -1.57079632679489611e+00
8.30479681642479622e-02 2.76002798714716724e-01 0.00000000000000000e+00 -1.37444678594553404e+00
1.88818580320586800e-02 2.76002798714716724e-01 0.00000000000000000e+00 -1.17809724509617197e+00
-4.83196064425625779e-02 2.76002798714716724e-01 0.00000000000000000e+00 -9.81747704246810127e-01
-1.19853539552761124e-01 2.76002798714716724e-01 0.00000000000000000e+00 -7.85398163397447835e-01
-1.95049339791365323e-01 2.76002798714716724e-01 0.00000000000000000e+00 -5.89048622548085543e-01
-2.67378842522706273e-01 2.76002798714716724e-01 0.00000000000000000e+00 -3.92699081698723695e-01
-3.22521408947555155e-01 2.76002798714716724e-01 0.00000000000000000e+00 -1.96349540849361848e-01
-3.43584434931166582e-01 2.76002798714716724e-01 0.00000000000000000e+00 4.44089209850062616e-16
-3.22521408947554378e-01 2.76002798714716724e-01 0.00000000000000000e+00 1.96349540849362736e-01
-2.67378842522706883e-01 2.76002798714716724e-01 0.00000000000000000e+00 3.92699081698724584e-01
-1.95049339791365878e-01 2.76002798714716724e-01 0.00000000000000000e+00 5.89048622548086431e-01
-1.19853539552759722e-01 2.76002798714716724e-01 0.00000000000000000e+00 7.85398163397448723e-01
-4.83196064425615857e-02 2.76002798714716724e-01 0.00000000000000000e+00 9.81747704246811015e-01
1.88818580320587737e-02 2.76002798714716724e-01 0.00000000000000000e+00 1.17809724509617242e+00
8.30479681642486561e-02 2.76002798714716724e-01 0.00000000000000000e+00 1.37444678594553471e+00
1.45646579498002721e-01 2.76002798714716724e-01 0.00000000000000000e+00 1.57079632679489700e+00
2.08186446398783531e-01 2.76002798714716724e-01 0.00000000000000000e+00 1.76714586764425929e+00
2.72393141510458126e-01 2.76002798714716724e-01 0.00000000000000000e+00 1.96349540849362159e+00
3.40147501539314889e-01 2.76002798714716724e-01 0.00000000000000000e+00 2.15984494934298299e+00
4.13236480344852719e-01 2.76002798714716724e-01 0.00000000000000000e+00 2.35619449019234528e+00
4.93007125859535600e-01 2.76002798714716724e-01 0.00000000000000000e+00 2.55254403104170757e+00
5.80089479088539473e-01 2.76002798714716724e-01 0.00000000000000000e+00 2.74889357189106898e+00
6.74236951040029453e-01 2.76002798714716724e-01 0.00000000000000000e+00 2.94524311274043127e+00
7.74324010605767610e-01 2.76002798714716724e-01 0.00000000000000000e+00 3.14159265358979356e+00
cvdrift gds2 bmag tgrid
6.73864677922779931e-01 2.86120960846852723e+00 1.10550805083044423e+00 -3.14159265358979267e+00
5.73314364917031138e-01 2.83302626043022476e+00 1.10295959872051674e+00 -2.94524311274043082e+00
4.77775890495487021e-01 2.75151081554301413e+00 1.09543709502094488e+00 -2.74889357189106853e+00
3.88384113008659382e-01 2.61374449124118780e+00 1.08327909207778417e+00 -2.55254403104170624e+00
3.05398114655750730e-01 2.42836500377039455e+00 1.06700729251486681e+00 -2.35619449019234439e+00
2.28205110940568140e-01 2.20955059870288206e+00 1.04726544627756524e+00 -2.15984494934298255e+00
1.55483599638063269e-01 1.97204094984677480e+00 1.02477640897136291e+00 -1.96349540849362025e+00
8.54865630653730973e-02 1.72760172927531985e+00 1.00030410352479082e+00 -1.76714586764425818e+00
1.63999315848893934e-02 1.48409335525016317e+00 9.74640635226727947e-01 -1.57079632679489611e+00
-5.33963673196545321e-02 1.24669769383263196e+00 9.48585445325678456e-01 -1.37444678594553404e+00
-1.25254521357504700e-01 1.02092115744279299e+00 9.22927293755461009e-01 -1.17809724509617197e+00
-2.00422672627420223e-01 8.15928879214883440e-01 8.98432436598224804e-01 -9.81747704246810127e-01
-2.79890802506177927e-01 6.45488007781360507e-01 8.75878908286987889e-01 -7.85398163397447835e-01
-3.62537804292702270e-01 5.23226804232766907e-01 8.56174805413916662e-01 -5.89048622548085543e-01
-4.41172413560152576e-01 4.53100858823281383e-01 8.40499060232775985e-01 -3.92699081698723695e-01
-5.00631970707331120e-01 4.24140479069901988e-01 8.30249161908981792e-01 -1.96349540849361848e-01
-5.23245104929452198e-01 4.17690426837719231e-01 8.26661191732922740e-01 4.44089209850062616e-16
-5.00631970707330121e-01 4.24140479069901877e-01 8.30249161908981570e-01 1.96349540849362736e-01
-4.41172413560153187e-01 4.53100858823281494e-01 8.40499060232776096e-01 3.92699081698724584e-01
-3.62537804292702937e-01 5.23226804232767573e-01 8.56174805413916773e-01 5.89048622548086431e-01
-2.79890802506176539e-01 6.45488007781360507e-01 8.75878908286987667e-01 7.85398163397448723e-01
-2.00422672627419279e-01 8.15928879214882885e-01 8.98432436598224582e-01 9.81747704246811015e-01
-1.25254521357504561e-01 1.02092115744279233e+00 9.22927293755460787e-01 1.17809724509617242e+00
-5.33963673196539146e-02 1.24669769383263040e+00 9.48585445325677901e-01 1.37444678594553471e+00
1.63999315848881617e-02 1.48409335525016339e+00 9.74640635226727947e-01 1.57079632679489700e+00
8.54865630653728753e-02 1.72760172927531941e+00 1.00030410352479082e+00 1.76714586764425929e+00
1.55483599638063852e-01 1.97204094984677303e+00 1.02477640897136268e+00 1.96349540849362159e+00
2.28205110940568945e-01 2.20955059870287940e+00 1.04726544627756413e+00 2.15984494934298299e+00
3.05398114655750064e-01 2.42836500377039277e+00 1.06700729251486615e+00 2.35619449019234528e+00
3.88384113008658050e-01 2.61374449124118691e+00 1.08327909207778439e+00 2.55254403104170757e+00
4.77775890495487798e-01 2.75151081554301324e+00 1.09543709502094511e+00 2.74889357189106898e+00
5.73314364917030805e-01 2.83302626043022654e+00 1.10295959872051674e+00 2.94524311274043127e+00
6.73866064292446110e-01 2.86120966295711865e+00 1.10550805044796641e+00 3.14159265358979356e+00
gds21 gds22 tgrid
-5.52676107689627827e-01 1.75922272939005392e-01 -3.14159265358979267e+00
-5.39177572877748146e-01 1.72146308458526326e-01 -2.94524311274043082e+00
-5.00235202690580860e-01 1.61564659764871776e-01 -2.74889357189106853e+00
-4.38218678570314268e-01 1.46171655039884413e-01 -2.55254403104170624e+00
-3.58534766931416948e-01 1.28853328780366400e-01 -2.35619449019234439e+00
-2.67892691848197584e-01 1.12857331728807062e-01 -2.15984494934298255e+00
-1.73103076747394058e-01 1.01426502945535069e-01 -1.96349540849362025e+00
-8.04966885563733886e-02 9.75385109572073361e-02 -1.76714586764425818e+00
3.84553192975656396e-03 1.03656698842748196e-01 -1.57079632679489611e+00
7.35617141394029478e-02 1.21216386199542211e-01 -1.37444678594553404e+00
1.21875569844913351e-01 1.49659658502293041e-01 -1.17809724509617197e+00
1.42928064316966613e-01 1.85245398849452320e-01 -9.81747704246810127e-01
1.35100236822315950e-01 2.20750163216746870e-01 -7.85398163397447835e-01
1.04636247607573174e-01 2.47786909994230559e-01 -5.89048622548085543e-01
6.49201275194905697e-02 2.61741120735862975e-01 -3.92699081698723695e-01
2.88720130763582272e-02 2.65115795321873016e-01 -1.96349540849361848e-01
-3.59978222158419945e-17 2.64924246427484411e-01 4.44089209850062616e-16
-2.88720130763582793e-02 2.65115795321872905e-01 1.96349540849362736e-01
-6.49201275194905975e-02 2.61741120735863031e-01 3.92699081698724584e-01
-1.04636247607573424e-01 2.47786909994230559e-01 5.89048622548086431e-01
-1.35100236822315950e-01 2.20750163216746814e-01 7.85398163397448723e-01
-1.42928064316966391e-01 1.85245398849452403e-01 9.81747704246811015e-01
-1.21875569844913378e-01 1.49659658502293125e-01 1.17809724509617242e+00
-7.35617141394029062e-02 1.21216386199542156e-01 1.37444678594553471e+00
-3.84553192975679251e-03 1.03656698842748224e-01 1.57079632679489700e+00
8.04966885563730000e-02 9.75385109572073777e-02 1.76714586764425929e+00
1.73103076747393586e-01 1.01426502945535041e-01 1.96349540849362159e+00
2.67892691848196918e-01 1.12857331728806937e-01 2.15984494934298299e+00
3.58534766931416060e-01 1.28853328780366205e-01 2.35619449019234528e+00
4.38218678570313935e-01 1.46171655039884357e-01 2.55254403104170757e+00
5.00235202690580305e-01 1.61564659764871665e-01 2.74889357189106898e+00
5.39177572877748479e-01 1.72146308458526354e-01 2.94524311274043127e+00
5.52676113123655943e-01 1.75922270664890829e-01 3.14159265358979356e+00
cvdrift0 gbdrift0 tgrid
4.41068701315022847e-07 4.41068701315022847e-07 -3.14159265358979267e+00
3.25196226029525401e-02 3.25196226029525401e-02 -2.94524311274043082e+00
6.44028026724822455e-02 6.44028026724822455e-02 -2.74889357189106853e+00
9.50814997937068640e-02 9.50814997937068640e-02 -2.55254403104170624e+00
1.24080090477831875e-01 1.24080090477831875e-01 -2.35619449019234439e+00
1.50968068153418178e-01 1.50968068153418178e-01 -2.15984494934298255e+00
1.75261215782287538e-01 1.75261215782287538e-01 -1.96349540849362025e+00
1.96319069991200940e-01 1.96319069991200940e-01 -1.76714586764425818e+00
2.13278085288492736e-01 2.13278085288492736e-01 -1.57079632679489611e+00
2.25085553257673959e-01 2.25085553257673959e-01 -1.37444678594553404e+00
2.30577127465342369e-01 2.30577127465342369e-01 -1.17809724509617197e+00
2.28376569759667636e-01 2.28376569759667636e-01 -9.81747704246810127e-01
2.16268837879356718e-01 2.16268837879356718e-01 -7.85398163397447835e-01
1.90296946478638263e-01 1.90296946478638263e-01 -5.89048622548085543e-01
1.45481171618921878e-01 1.45481171618921878e-01 -3.92699081698723695e-01
7.99710800417933604e-02 7.99710800417933604e-02 -1.96349540849361848e-01
3.84701783233016795e-16 3.84701783233016795e-16 4.44089209850062616e-16
-7.99710800417924167e-02 -7.99710800417924167e-02 1.96349540849362736e-01
-1.45481171618921434e-01 -1.45481171618921434e-01 3.92699081698724584e-01
-1.90296946478636458e-01 -1.90296946478636458e-01 5.89048622548086431e-01
-2.16268837879355774e-01 -2.16268837879355774e-01 7.85398163397448723e-01
-2.28376569759667886e-01 -2.28376569759667886e-01 9.81747704246811015e-01
-2.30577127465341120e-01 -2.30577127465341120e-01 1.17809724509617242e+00
-2.25085553257673460e-01 -2.25085553257673460e-01 1.37444678594553471e+00
-2.13278085288491903e-01 -2.13278085288491903e-01 1.57079632679489700e+00
-1.96319069991200412e-01 -1.96319069991200412e-01 1.76714586764425929e+00
-1.75261215782287094e-01 -1.75261215782287094e-01 1.96349540849362159e+00
-1.50968068153417456e-01 -1.50968068153417456e-01 2.15984494934298299e+00
-1.24080090477832111e-01 -1.24080090477832111e-01 2.35619449019234528e+00
-9.50814997937070167e-02 -9.50814997937070167e-02 2.55254403104170757e+00
-6.44028026724818570e-02 -6.44028026724818570e-02 2.74889357189106898e+00
-3.25196226029522487e-02 -3.25196226029522487e-02 2.94524311274043127e+00
8.80405078962973576e-17 8.80405078962973576e-17 3.14159265358979356e+00
